#CHR	START_POS	END_POS	SNARL	PATH_LENGTHS	P_FISHER	P_CHI2	P_ADJUSTED	GROUP_PATHS	DEPTH
path0	1	2	4_1	1/1	1.0000	1.0000	1.0000	1:1,1:1	1
path0	3	6	8_4	0/3	1.0000	0.2482	0.3723	2:1,0:1	1
path0	4	5	7_5	0/1	0.3333	0.0833	0.2499	0:1,2:0	2
