#CHR	START_POS	END_POS	SNARL	PATH_LENGTHS	P_FISHER	P_CHI2	P_ADJUSTED	GROUP_PATHS	DEPTH
