#CHR	START_POS	END_POS	SNARL	PATH_LENGTHS	P	P_ADJUSTED	BETA	SE	ALLELE_PATHS	DEPTH
