#CHR	START_POS	END_POS	SNARL	PATH_LENGTHS	P_FISHER	P_CHI2	P_ADJUSTED	GROUP_PATHS	DEPTH
path0	4	5	7_5	0/1	NA	NA	1.0000	NA	2
