#CHR	START_POS	END_POS	SNARL	PATH_LENGTHS	P	P_ADJUSTED	RSQUARE	BETA	SE	ALLELE_PATHS	DEPTH
ref	238089	238090	4118_4115	1,1	3.0529e-10	1.2524e-07	0.1934	-1.2079	0.1820	291,109	1
ref	223235	223236	3808_3805	1,1	6.6661e-10	1.8158e-07	0.1871	1.0812	0.1665	184,216	1
ref	163239	163240	2754_2751	1,1	2.8431e-10	1.2524e-07	0.1939	1.2521	0.1883	295,105	1
ref	161343	161344	2726_2723	1,1	2.0452e-08	3.0951e-06	0.1589	1.0533	0.1801	265,135	1
ref	100749	100750	1708_1705	1,1	9.5274e-09	1.8538e-06	0.1652	1.0594	0.1767	229,171	1
ref	95356	95357	1642_1639	1,1	3.2702e-13	4.4540e-10	0.2468	1.4894	0.1906	99,301	1
ref	78095	78096	1371_1368	1,1	2.1385e-09	4.8544e-07	0.1776	-1.0618	0.1691	174,226	1
ref	67177	67177	1197_1171	0,1432	1.7167e-08	2.9227e-06	0.1603	1.0238	0.1740	230,170	1
ref	15015	15016	263_260	1,1	3.6781e-10	1.2524e-07	0.1919	-1.1123	0.1684	228,172	1
