#CHR	START_POS	END_POS	SNARL	PATH_LENGTHS	GENE	P	P_ADJUSTED	RSQUARE	BETA	SE	ALLELE_PATHS	DEPTH
