#CHR	START_POS	END_POS	SNARL	PATH_LENGTHS	P	P_ADJUSTED	RSQUARE	BETA	SE	ALLELE_PATHS	DEPTH
ref	238089	238090	4118_4115	1,1	2.9698e-10	1.0112e-07	0.1812	-1.1929	0.1797	291,109	1
ref	223235	223236	3808_3805	1,1	2.4349e-10	1.0112e-07	0.1828	1.0822	0.1622	184,216	1
ref	163239	163240	2754_2751	1,1	2.4184e-10	1.0112e-07	0.1829	1.2511	0.1875	295,105	1
ref	161343	161344	2726_2723	1,1	2.5872e-08	3.9153e-06	0.1446	1.0314	0.1778	265,135	1
ref	100749	100750	1708_1705	1,1	3.9540e-09	8.9756e-07	0.1602	1.0700	0.1737	229,171	1
ref	95356	95357	1642_1639	1,1	5.3418e-13	7.2755e-10	0.2307	1.4745	0.1908	99,301	1
ref	78095	78096	1371_1368	1,1	5.2552e-09	1.0225e-06	0.1578	-1.0239	0.1677	174,226	1
ref	67177	67177	1197_1171	0,1432	7.4241e-09	1.2640e-06	0.1549	1.0198	0.1688	230,170	1
ref	15015	15016	263_260	1,1	9.5276e-10	2.5953e-07	0.1718	-1.0808	0.1682	228,172	1
